// Jest Snapshot v1, https://goo.gl/fbAQLP

exports[`SearchBox renders 1`] = `
<DocumentFragment>
  <div
    class="search-box"
  >
    <h2>
      Where are you going?
    </h2>
    <label
      for="search-box-input"
      id="search-box-label"
    >
      Pick-up Location
    </label>
    <input
      aria-labelledby="search-box-label"
      class="search-box__input"
      data-testid="search-box-input"
      id="search-box-input"
      placeholder="city, airport, station, region and district..."
      type="text"
      value=""
    />
  </div>
</DocumentFragment>
`;
